// Vitest Snapshot v1, https://vitest.dev/guide/snapshot.html

exports[`Host API v1 surface (the freeze) > the frozen surface signature — a breaking /1 change must fail here (then mint /2 deliberately) 1`] = `
[
  "checkPageFormat [read:scenes/1 · read] (path)",
  "connectScenes [write:tree/1 · write · write] (fromSceneId,toSceneId,variantId)",
  "connectScenesBatch [write:tree/1 · write · write] (edges,place,variantId)",
  "createPage [write:files/1 · write · write] (body,folder,kind,name)",
  "createVariant [write:tree/1 · write · write] (activate,from,name)",
  "currentProject [read:project/1 · read] ()",
  "disconnectScenes [write:tree/1 · write · write] (fromSceneId,toSceneId,variantId)",
  "exportFormat [read:scenes/1 · read] (format,path)",
  "ingestWork [lifecycle/1 · lifecycle · write] ()",
  "listBoards [read:corkboard/1 · read] ()",
  "listCast [read:tiers/1 · read] ()",
  "listChapterLedgers [read:tiers/1 · read] ()",
  "listCharacterArcs [read:tiers/1 · read] ()",
  "listCoherenceFindings [read:tiers/1 · read] ()",
  "listCustodyTopics [read:world/1 · read] ()",
  "listLoreView [read:tiers/1 · read] ()",
  "listScenes [read:scenes/1 · read] ()",
  "listStoryTree [read:story/1 · read] ()",
  "listStructuralIssues [read:tiers/1 · read] ()",
  "listThreads [read:tiers/1 · read] ()",
  "listTierStatus [read:tiers/1 · read] ()",
  "listWorldPages [read:world/1 · read] ()",
  "mcpStats [read:project/1 · read] ()",
  "mergeEntities [write:tier:*/1 · write · write] (entityIds)",
  "mergeThreads [write:tier:*/1 · write · write] (threadIds)",
  "moveStoryPaths [write:files/1 · write · write] (moves)",
  "openWork [lifecycle/1 · lifecycle · write] (path)",
  "projectInfo [read:project/1 · read] ()",
  "queryDb [read:tiers/1 · read] (sql)",
  "queuePageEdit [write:files/1 · write · write] (folder,instruction,mode,path)",
  "readBoard [read:corkboard/1 · read] (boardId)",
  "readCard [read:corkboard/1 · read] (boardId,cardId)",
  "readChapterLedger [read:tiers/1 · read] (unitId)",
  "readScene [read:scenes/1 · read] (path)",
  "readTree [read:tree/1 · read] ()",
  "removeEmptyStoryFolders [write:files/1 · write · write] (folders)",
  "runAnalysis [write:tier:*/1 · write · write] (scenes)",
  "search [read:scenes/1 · read] (limit,query)",
  "setPhase [write:files/1 · write · write] (allScenes,category,folder,path,phase)",
  "setRuling [write:tier:*/1 · write · write] (entityId,intentional,trait)",
  "tierInputHash [read:tiers/1 · read] (asOf,kind,targetId)",
  "writeTier [write:tier:*/1 · write · write] (asOfUnitId,kind,rows,targetId,tier)",
]
`;
